<html>
<body>
<pre>
<h1>µVision Build Log</h1>
<h2>Project:</h2>
C:\Users\pkuac\Desktop\PKU_Possmini\RVMDK\possmini.uvproj
Project File Date:  04/19/2013

<h2>Output:</h2>
Build target 'Target 1'
compiling sci.c...
..\src\SCI\sci.c(75): warning:  #111-D: statement is unreachable
linking...
Program Size: Code=4200 RO-data=336 RW-data=36 ZI-data=652  
FromELF: creating hex file...
"possmini.axf" - 0 Error(s), 1 Warning(s).
Build target 'Target 1'
compiling sci.c...
..\src\SCI\sci.c(75): warning:  #111-D: statement is unreachable
compiling isr.c...
linking...
Program Size: Code=4772 RO-data=336 RW-data=48 ZI-data=648  
FromELF: creating hex file...
"possmini.axf" - 0 Error(s), 1 Warning(s).
Clean started: Project: 'possmini'
   deleting intermediate output files for target 'Target 1'
Rebuild target 'Target 1'
compiling core_cm3.c...
compiling misc.c...
compiling stm32f10x_adc.c...
compiling stm32f10x_bkp.c...
compiling stm32f10x_can.c...
compiling stm32f10x_crc.c...
compiling stm32f10x_dac.c...
compiling stm32f10x_dbgmcu.c...
compiling stm32f10x_dma.c...
compiling stm32f10x_exti.c...
compiling stm32f10x_flash.c...
compiling stm32f10x_fsmc.c...
compiling stm32f10x_gpio.c...
compiling stm32f10x_i2c.c...
compiling stm32f10x_iwdg.c...
compiling stm32f10x_pwr.c...
compiling stm32f10x_rcc.c...
compiling stm32f10x_rtc.c...
compiling stm32f10x_sdio.c...
compiling stm32f10x_spi.c...
compiling stm32f10x_tim.c...
compiling stm32f10x_usart.c...
compiling stm32f10x_wwdg.c...
compiling system_stm32f10x.c...
compiling GPIO.c...
compiling hal.c...
compiling main.c...
compiling NVIC.c...
compiling RCC.c...
compiling stm32f10x_it.c...
compiling TIM.c...
..\src\TIM.c(13): warning:  #177-D: variable "GPIO_InitStructure" was declared but never referenced
..\src\TIM.c(65): warning:  #68-D: integer conversion resulted in a change of sign
..\src\TIM.c(58): warning:  #177-D: variable "TIM_OCInitStructure" was declared but never referenced
compiling USART.C...
assembling startup_stm32f10x_hd.s...
compiling sci.c...
..\src\SCI\sci.c(75): warning:  #111-D: statement is unreachable
compiling isr.c...
linking...
Program Size: Code=4772 RO-data=336 RW-data=48 ZI-data=648  
FromELF: creating hex file...
"possmini.axf" - 0 Error(s), 4 Warning(s).
Clean started: Project: 'possmini'
   deleting intermediate output files for target 'Target 1'
Build target 'Target 1'
compiling core_cm3.c...
compiling misc.c...
compiling stm32f10x_adc.c...
compiling stm32f10x_bkp.c...
compiling stm32f10x_can.c...
compiling stm32f10x_crc.c...
compiling stm32f10x_dac.c...
compiling stm32f10x_dbgmcu.c...
compiling stm32f10x_dma.c...
compiling stm32f10x_exti.c...
compiling stm32f10x_flash.c...
compiling stm32f10x_fsmc.c...
compiling stm32f10x_gpio.c...
compiling stm32f10x_i2c.c...
compiling stm32f10x_iwdg.c...
compiling stm32f10x_pwr.c...
compiling stm32f10x_rcc.c...
compiling stm32f10x_rtc.c...
compiling stm32f10x_sdio.c...
compiling stm32f10x_spi.c...
compiling stm32f10x_tim.c...
compiling stm32f10x_usart.c...
compiling stm32f10x_wwdg.c...
compiling system_stm32f10x.c...
compiling GPIO.c...
compiling hal.c...
compiling main.c...
compiling NVIC.c...
compiling RCC.c...
compiling stm32f10x_it.c...
compiling TIM.c...
..\src\TIM.c(13): warning:  #177-D: variable "GPIO_InitStructure" was declared but never referenced
..\src\TIM.c(65): warning:  #68-D: integer conversion resulted in a change of sign
..\src\TIM.c(58): warning:  #177-D: variable "TIM_OCInitStructure" was declared but never referenced
compiling USART.C...
assembling startup_stm32f10x_hd.s...
compiling sci.c...
..\src\SCI\sci.c(75): warning:  #111-D: statement is unreachable
compiling isr.c...
linking...
Program Size: Code=4772 RO-data=336 RW-data=48 ZI-data=648  
FromELF: creating hex file...
"..\List\possmini.axf" - 0 Error(s), 4 Warning(s).
Load "..\\List\\possmini.AXF" 
Load "..\\List\\possmini.AXF" 
* JLink Info: Device "STM32F103VC" selected (256 KB flash, 48 KB RAM).
Set JLink Project File to "C:\Users\pkuac\Desktop\PKU_Possmini\RVMDK\JLinkSettings.ini"
 
JLink info:
------------
DLL: V4.40c, compiled Jan 24 2012 09:30:33
Firmware: J-Link ARM V8 compiled Dec  6 2011 18:57:44
Hardware: V8.00
S/N : 17892859 
Feature(s) : RDI,FlashDL,FlashBP,JFlash 
 
* JLink Info: TotalIRLen = 9, IRPrint = 0x0011
* JLink Info: Found Cortex-M3 r1p1, Little endian.
* JLink Info: TPIU fitted.
* JLink Info: ETM fitted.
* JLink Info:   FPUnit: 6 code (BP) slots and 2 literal slots
ROMTableAddr = 0xE00FF003
* JLink Info: TotalIRLen = 9, IRPrint = 0x0011
* JLink Info: Found Cortex-M3 r1p1, Little endian.
* JLink Info: TPIU fitted.
* JLink Info: ETM fitted.
* JLink Info:   FPUnit: 6 code (BP) slots and 2 literal slots
* JLink Info: Found Cortex-M3 r1p1, Little endian.
* JLink Info: TPIU fitted.
* JLink Info: ETM fitted.
* JLink Info:   FPUnit: 6 code (BP) slots and 2 literal slots
 
Target info:
------------
Device: STM32F103VC
VTarget = 3.338V
State of Pins: 
TCK: 1, TDI: 0, TDO: 0, TMS: 0, TRES: 1, TRST: 1
Hardware-Breakpoints: 6
Software-Breakpoints: 8192
Watchpoints:          4
JTAG speed: 2000 kHz
 
Erase Done.
Programming Done.
Verify OK.
Build target 'Target 1'
assembling startup_stm32f10x_hd.s...
linking...
Program Size: Code=4772 RO-data=336 RW-data=48 ZI-data=648  
FromELF: creating hex file...
"..\List\possmini.axf" - 0 Error(s), 0 Warning(s).
Load "..\\List\\possmini.AXF" 
* JLink Info: Device "STM32F103VC" selected (256 KB flash, 48 KB RAM).
Set JLink Project File to "C:\Users\pkuac\Desktop\PKU_Possmini\RVMDK\JLinkSettings.ini"
 
JLink info:
------------
DLL: V4.40c, compiled Jan 24 2012 09:30:33
Firmware: J-Link ARM V8 compiled Dec  6 2011 18:57:44
Hardware: V8.00
S/N : 17892859 
Feature(s) : RDI,FlashDL,FlashBP,JFlash 
 
* JLink Info: TotalIRLen = 9, IRPrint = 0x0011
* JLink Info: Found Cortex-M3 r1p1, Little endian.
* JLink Info: TPIU fitted.
* JLink Info: ETM fitted.
* JLink Info:   FPUnit: 6 code (BP) slots and 2 literal slots
ROMTableAddr = 0xE00FF003
* JLink Info: TotalIRLen = 9, IRPrint = 0x0011
* JLink Info: Found Cortex-M3 r1p1, Little endian.
* JLink Info: TPIU fitted.
* JLink Info: ETM fitted.
* JLink Info:   FPUnit: 6 code (BP) slots and 2 literal slots
* JLink Info: Found Cortex-M3 r1p1, Little endian.
* JLink Info: TPIU fitted.
* JLink Info: ETM fitted.
* JLink Info:   FPUnit: 6 code (BP) slots and 2 literal slots
 
Target info:
------------
Device: STM32F103VC
VTarget = 3.338V
State of Pins: 
TCK: 1, TDI: 0, TDO: 0, TMS: 0, TRES: 1, TRST: 1
Hardware-Breakpoints: 6
Software-Breakpoints: 8192
Watchpoints:          4
JTAG speed: 2000 kHz
 
Erase Done.
Programming Done.
Verify OK.
Build target 'Target 1'
linking...
Program Size: Code=4772 RO-data=336 RW-data=48 ZI-data=648  
FromELF: creating hex file...
"..\List\possmini.axf" - 0 Error(s), 0 Warning(s).
Load "..\\List\\possmini.AXF" 
* JLink Info: Device "STM32F103VC" selected (256 KB flash, 48 KB RAM).
Set JLink Project File to "C:\Users\pkuac\Desktop\PKU_Possmini\RVMDK\JLinkSettings.ini"
 
JLink info:
------------
DLL: V4.40c, compiled Jan 24 2012 09:30:33
Firmware: J-Link ARM V8 compiled Dec  6 2011 18:57:44
Hardware: V8.00
S/N : 17892859 
Feature(s) : RDI,FlashDL,FlashBP,JFlash 
 
* JLink Info: TotalIRLen = 9, IRPrint = 0x0011
* JLink Info: Found Cortex-M3 r1p1, Little endian.
* JLink Info: TPIU fitted.
* JLink Info: ETM fitted.
* JLink Info:   FPUnit: 6 code (BP) slots and 2 literal slots
ROMTableAddr = 0xE00FF003
* JLink Info: TotalIRLen = 9, IRPrint = 0x0011
* JLink Info: Found Cortex-M3 r1p1, Little endian.
* JLink Info: TPIU fitted.
* JLink Info: ETM fitted.
* JLink Info:   FPUnit: 6 code (BP) slots and 2 literal slots
* JLink Info: Found Cortex-M3 r1p1, Little endian.
* JLink Info: TPIU fitted.
* JLink Info: ETM fitted.
* JLink Info:   FPUnit: 6 code (BP) slots and 2 literal slots
 
Target info:
------------
Device: STM32F103VC
VTarget = 3.332V
State of Pins: 
TCK: 1, TDI: 0, TDO: 0, TMS: 0, TRES: 1, TRST: 1
Hardware-Breakpoints: 6
Software-Breakpoints: 8192
Watchpoints:          4
JTAG speed: 2000 kHz
 
Erase Done.
Programming Done.
Verify OK.
Build target 'Target 1'
compiling NVIC.c...
linking...
Program Size: Code=4772 RO-data=336 RW-data=48 ZI-data=648  
FromELF: creating hex file...
"..\List\possmini.axf" - 0 Error(s), 0 Warning(s).
Load "..\\List\\possmini.AXF" 
* JLink Info: Device "STM32F103VC" selected (256 KB flash, 48 KB RAM).
Set JLink Project File to "C:\Users\pkuac\Desktop\PKU_Possmini\RVMDK\JLinkSettings.ini"
 
JLink info:
------------
DLL: V4.40c, compiled Jan 24 2012 09:30:33
Firmware: J-Link ARM V8 compiled Dec  6 2011 18:57:44
Hardware: V8.00
S/N : 17892859 
Feature(s) : RDI,FlashDL,FlashBP,JFlash 
 
* JLink Info: TotalIRLen = 9, IRPrint = 0x0011
* JLink Info: Found Cortex-M3 r1p1, Little endian.
* JLink Info: TPIU fitted.
* JLink Info: ETM fitted.
* JLink Info:   FPUnit: 6 code (BP) slots and 2 literal slots
ROMTableAddr = 0xE00FF003
* JLink Info: TotalIRLen = 9, IRPrint = 0x0011
* JLink Info: Found Cortex-M3 r1p1, Little endian.
* JLink Info: TPIU fitted.
* JLink Info: ETM fitted.
* JLink Info:   FPUnit: 6 code (BP) slots and 2 literal slots
* JLink Info: Found Cortex-M3 r1p1, Little endian.
* JLink Info: TPIU fitted.
* JLink Info: ETM fitted.
* JLink Info:   FPUnit: 6 code (BP) slots and 2 literal slots
 
Target info:
------------
Device: STM32F103VC
VTarget = 3.332V
State of Pins: 
TCK: 1, TDI: 0, TDO: 0, TMS: 0, TRES: 1, TRST: 1
Hardware-Breakpoints: 6
Software-Breakpoints: 8192
Watchpoints:          4
JTAG speed: 2000 kHz
 
Erase Done.
Programming Done.
Verify OK.
Build target 'Target 1'
compiling stm32f10x_it.c...
linking...
Program Size: Code=4772 RO-data=336 RW-data=48 ZI-data=648  
FromELF: creating hex file...
"..\List\possmini.axf" - 0 Error(s), 0 Warning(s).
Build target 'Target 1'
compiling USART.C...
compiling sci.c...
..\src\SCI\sci.c(75): warning:  #111-D: statement is unreachable
linking...
Program Size: Code=4772 RO-data=336 RW-data=48 ZI-data=648  
FromELF: creating hex file...
"..\List\possmini.axf" - 0 Error(s), 1 Warning(s).
Build target 'Target 1'
compiling sci.c...
..\src\SCI\sci.c(75): warning:  #111-D: statement is unreachable
linking...
Program Size: Code=4772 RO-data=336 RW-data=48 ZI-data=648  
FromELF: creating hex file...
"..\List\possmini.axf" - 0 Error(s), 1 Warning(s).
Build target 'Target 1'
compiling sci.c...
..\src\SCI\sci.c(75): warning:  #111-D: statement is unreachable
linking...
Program Size: Code=4772 RO-data=336 RW-data=48 ZI-data=648  
FromELF: creating hex file...
"..\List\possmini.axf" - 0 Error(s), 1 Warning(s).
Build target 'Target 1'
compiling main.c...
..\src\main.c(21): warning:  #167-D: argument of type "unsigned char *" is incompatible with parameter of type "char *"
linking...
Program Size: Code=4772 RO-data=336 RW-data=48 ZI-data=648  
FromELF: creating hex file...
"..\List\possmini.axf" - 0 Error(s), 1 Warning(s).
Build target 'Target 1'
compiling sci.c...
..\src\SCI\sci.c(21): warning:  #223-D: function "Set_DJ" declared implicitly
..\src\SCI\sci.c(31): warning:  #223-D: function "USART1_Puts" declared implicitly
..\src\SCI\sci.c(73): warning:  #223-D: function "USART1_Puts" declared implicitly
..\src\SCI\sci.c(75): warning:  #111-D: statement is unreachable
..\src\SCI\sci.c(98): warning:  #223-D: function "USART1_Putc" declared implicitly
linking...
..\List\possmini.axf: Error: L6218E: Undefined symbol Set_DJ (referred from sci.o).
Target not created
Build target 'Target 1'
compiling sci.c...
..\src\SCI\sci.c(75): warning:  #111-D: statement is unreachable
linking...
Program Size: Code=4772 RO-data=336 RW-data=48 ZI-data=648  
FromELF: creating hex file...
"..\List\possmini.axf" - 0 Error(s), 1 Warning(s).
Build target 'Target 1'
linking...
Program Size: Code=4772 RO-data=336 RW-data=48 ZI-data=648  
FromELF: creating hex file...
"..\List\possmini.axf" - 0 Error(s), 0 Warning(s).
Build target 'Target 1'
compiling isr.c...
linking...
Program Size: Code=4772 RO-data=336 RW-data=48 ZI-data=648  
FromELF: creating hex file...
"..\List\possmini.axf" - 0 Error(s), 0 Warning(s).
Build target 'Target 1'
compiling TIM.c...
..\src\TIM.c(13): warning:  #177-D: variable "GPIO_InitStructure" was declared but never referenced
..\src\TIM.c(58): warning:  #177-D: variable "TIM_OCInitStructure" was declared but never referenced
compiling isr.c...
linking...
Program Size: Code=4772 RO-data=336 RW-data=48 ZI-data=648  
FromELF: creating hex file...
"..\List\possmini.axf" - 0 Error(s), 2 Warning(s).
Build target 'Target 1'
linking...
Program Size: Code=4772 RO-data=336 RW-data=48 ZI-data=648  
FromELF: creating hex file...
"..\List\possmini.axf" - 0 Error(s), 0 Warning(s).
Build target 'Target 1'
compiling GPIO.c...
compiling main.c...
compiling stm32f10x_it.c...
compiling TIM.c...
..\src\TIM.c(13): warning:  #177-D: variable "GPIO_InitStructure" was declared but never referenced
..\src\TIM.c(58): warning:  #177-D: variable "TIM_OCInitStructure" was declared but never referenced
compiling USART.C...
compiling sci.c...
..\src\SCI\sci.c(75): warning:  #111-D: statement is unreachable
compiling isr.c...
compiling PID.c...
..\src\PID\PID.c(40): warning:  #167-D: argument of type "unsigned char *" is incompatible with parameter of type "char *"
..\src\PID\PID.c(65): warning:  #223-D: function "LPLD_LPTMR_GetPulseAcc" declared implicitly
..\src\PID\PID.c(67): error:  #20: identifier "re_data" is undefined
..\src\PID\PID.c(70): error:  #20: identifier "PID_err" is undefined
..\src\PID\PID.c(75): error:  #20: identifier "_COM_DATA" is undefined
Target not created
Build target 'Target 1'
compiling PID.c...
..\src\PID\PID.c(40): warning:  #167-D: argument of type "unsigned char *" is incompatible with parameter of type "char *"
..\src\PID\PID.c(65): warning:  #223-D: function "LPLD_LPTMR_GetPulseAcc" declared implicitly
..\src\PID\PID.c(71): error:  #20: identifier "PID_err" is undefined
..\src\PID\PID.c(76): error:  #20: identifier "_COM_DATA" is undefined
Target not created
Build target 'Target 1'
compiling PID.c...
..\src\PID\PID.c(40): warning:  #167-D: argument of type "unsigned char *" is incompatible with parameter of type "char *"
..\src\PID\PID.c(60): error:  #65: expected a ";"
..\src\PID\PID.c(83): warning:  #12-D: parsing restarts here after previous syntax error
..\src\PID\PID.c(55): warning:  #177-D: variable "encoder_count" was declared but never referenced
..\src\PID\PID.c(56): warning:  #177-D: variable "last_count" was declared but never referenced
..\src\PID\PID.c(57): warning:  #177-D: variable "duty" was declared but never referenced
..\src\PID\PID.c(58): warning:  #177-D: variable "PID_err" was declared but never referenced
..\src\PID\PID.c(86): error:  #169: expected a declaration
Target not created
Build target 'Target 1'
compiling PID.c...
..\src\PID\PID.c(40): warning:  #167-D: argument of type "unsigned char *" is incompatible with parameter of type "char *"
..\src\PID\PID.c(77): error:  #20: identifier "_COM_DATA" is undefined
..\src\PID\PID.c(56): warning:  #550-D: variable "last_count" was set but never used
Target not created
Build target 'Target 1'
compiling PID.c...
..\src\PID\PID.c(40): warning:  #167-D: argument of type "unsigned char *" is incompatible with parameter of type "char *"
..\src\PID\PID.c(56): warning:  #550-D: variable "last_count" was set but never used
linking...
Program Size: Code=7496 RO-data=336 RW-data=72 ZI-data=648  
FromELF: creating hex file...
"..\List\possmini.axf" - 0 Error(s), 2 Warning(s).
Build target 'Target 1'
compiling PID.c...
..\src\PID\PID.c(40): warning:  #167-D: argument of type "unsigned char *" is incompatible with parameter of type "char *"
..\src\PID\PID.c(56): warning:  #550-D: variable "last_count" was set but never used
linking...
Program Size: Code=7496 RO-data=336 RW-data=72 ZI-data=648  
FromELF: creating hex file...
"..\List\possmini.axf" - 0 Error(s), 2 Warning(s).
Build target 'Target 1'
linking...
Program Size: Code=7496 RO-data=336 RW-data=72 ZI-data=648  
FromELF: creating hex file...
"..\List\possmini.axf" - 0 Error(s), 0 Warning(s).
Build target 'Target 1'
compiling PID.c...
..\src\PID\PID.c(40): warning:  #167-D: argument of type "unsigned char *" is incompatible with parameter of type "char *"
..\src\PID\PID.c(56): warning:  #550-D: variable "last_count" was set but never used
linking...
Program Size: Code=7496 RO-data=336 RW-data=72 ZI-data=648  
FromELF: creating hex file...
"..\List\possmini.axf" - 0 Error(s), 2 Warning(s).
Load "..\\List\\possmini.AXF" 
* JLink Info: Device "STM32F103VC" selected (256 KB flash, 48 KB RAM).
Set JLink Project File to "C:\Users\pkuac\Desktop\PKU_Possmini\RVMDK\JLinkSettings.ini"
 
JLink info:
------------
DLL: V4.40c, compiled Jan 24 2012 09:30:33
Firmware: J-Link ARM V8 compiled Dec  6 2011 18:57:44
Hardware: V8.00
S/N : 17892859 
Feature(s) : RDI,FlashDL,FlashBP,JFlash 
 
* JLink Info: TotalIRLen = 9, IRPrint = 0x0011
* JLink Info: Found Cortex-M3 r1p1, Little endian.
* JLink Info: TPIU fitted.
* JLink Info: ETM fitted.
* JLink Info:   FPUnit: 6 code (BP) slots and 2 literal slots
ROMTableAddr = 0xE00FF003
* JLink Info: TotalIRLen = 9, IRPrint = 0x0011
* JLink Info: Found Cortex-M3 r1p1, Little endian.
* JLink Info: TPIU fitted.
* JLink Info: ETM fitted.
* JLink Info:   FPUnit: 6 code (BP) slots and 2 literal slots
* JLink Info: Found Cortex-M3 r1p1, Little endian.
* JLink Info: TPIU fitted.
* JLink Info: ETM fitted.
* JLink Info:   FPUnit: 6 code (BP) slots and 2 literal slots
 
Target info:
------------
Device: STM32F103VC
VTarget = 3.338V
State of Pins: 
TCK: 1, TDI: 0, TDO: 0, TMS: 0, TRES: 1, TRST: 1
Hardware-Breakpoints: 6
Software-Breakpoints: 8192
Watchpoints:          4
JTAG speed: 2000 kHz
 
Erase Done.
Programming Done.
Verify OK.
Build target 'Target 1'
compiling GPIO.c...
compiling main.c...
compiling stm32f10x_it.c...
compiling TIM.c...
..\src\TIM.c(13): warning:  #177-D: variable "GPIO_InitStructure" was declared but never referenced
..\src\TIM.c(58): warning:  #177-D: variable "TIM_OCInitStructure" was declared but never referenced
compiling USART.C...
compiling sci.c...
..\src\SCI\sci.c(75): warning:  #111-D: statement is unreachable
compiling isr.c...
compiling PID.c...
..\src\PID\PID.c(40): warning:  #167-D: argument of type "unsigned char *" is incompatible with parameter of type "char *"
..\src\PID\PID.c(56): warning:  #550-D: variable "last_count" was set but never used
linking...
Program Size: Code=7520 RO-data=336 RW-data=72 ZI-data=648  
FromELF: creating hex file...
"..\List\possmini.axf" - 0 Error(s), 5 Warning(s).
Load "..\\List\\possmini.AXF" 
* JLink Info: Device "STM32F103VC" selected (256 KB flash, 48 KB RAM).
Set JLink Project File to "C:\Users\pkuac\Desktop\PKU_Possmini\RVMDK\JLinkSettings.ini"
 
JLink info:
------------
DLL: V4.40c, compiled Jan 24 2012 09:30:33
Firmware: J-Link ARM V8 compiled Dec  6 2011 18:57:44
Hardware: V8.00
S/N : 17892859 
Feature(s) : RDI,FlashDL,FlashBP,JFlash 
 
* JLink Info: TotalIRLen = 9, IRPrint = 0x0011
* JLink Info: Found Cortex-M3 r1p1, Little endian.
* JLink Info: TPIU fitted.
* JLink Info: ETM fitted.
* JLink Info:   FPUnit: 6 code (BP) slots and 2 literal slots
ROMTableAddr = 0xE00FF003
* JLink Info: TotalIRLen = 9, IRPrint = 0x0011
* JLink Info: Found Cortex-M3 r1p1, Little endian.
* JLink Info: TPIU fitted.
* JLink Info: ETM fitted.
* JLink Info:   FPUnit: 6 code (BP) slots and 2 literal slots
* JLink Info: Found Cortex-M3 r1p1, Little endian.
* JLink Info: TPIU fitted.
* JLink Info: ETM fitted.
* JLink Info:   FPUnit: 6 code (BP) slots and 2 literal slots
 
Target info:
------------
Device: STM32F103VC
VTarget = 3.338V
State of Pins: 
TCK: 1, TDI: 0, TDO: 0, TMS: 0, TRES: 1, TRST: 1
Hardware-Breakpoints: 6
Software-Breakpoints: 8192
Watchpoints:          4
JTAG speed: 2000 kHz
 
Erase Done.
Programming Done.
Verify OK.
Build target 'Target 1'
linking...
Program Size: Code=7520 RO-data=336 RW-data=72 ZI-data=648  
FromELF: creating hex file...
"..\List\possmini.axf" - 0 Error(s), 0 Warning(s).
Build target 'Target 1'
linking...
Program Size: Code=7520 RO-data=336 RW-data=72 ZI-data=648  
FromELF: creating hex file...
"..\List\possmini.axf" - 0 Error(s), 0 Warning(s).
Build target 'Target 1'
compiling NVIC.c...
compiling TIM.c...
..\src\TIM.c(13): warning:  #177-D: variable "GPIO_InitStructure" was declared but never referenced
..\src\TIM.c(56): warning:  #177-D: variable "TIM_OCInitStructure" was declared but never referenced
..\src\TIM.c(85): error:  #20: identifier "TIM_TimeBaseStructure" is undefined
..\src\TIM.c(91): error:  #20: identifier "ENCODER_TIMER" is undefined
..\src\TIM.c(93): error:  #20: identifier "TIM" is undefined
..\src\TIM.c(95): error:  #20: identifier "TIM_ICInitStructure" is undefined
..\src\TIM.c(96): error:  #20: identifier "ICx_FILTER" is undefined
Target not created
Build target 'Target 1'
compiling TIM.c...
..\src\TIM.c(13): warning:  #177-D: variable "GPIO_InitStructure" was declared but never referenced
..\src\TIM.c(56): warning:  #177-D: variable "TIM_OCInitStructure" was declared but never referenced
..\src\TIM.c(93): error:  #20: identifier "ENCODER_TIMER" is undefined
..\src\TIM.c(95): error:  #20: identifier "TIM" is undefined
..\src\TIM.c(97): error:  #20: identifier "TIM_ICInitStructure" is undefined
..\src\TIM.c(98): error:  #20: identifier "ICx_FILTER" is undefined
..\src\TIM.c(83): warning:  #177-D: variable "TIM_OCInitStructure" was declared but never referenced
Target not created
Build target 'Target 1'
compiling TIM.c...
..\src\TIM.c(13): warning:  #177-D: variable "GPIO_InitStructure" was declared but never referenced
..\src\TIM.c(56): warning:  #177-D: variable "TIM_OCInitStructure" was declared but never referenced
..\src\TIM.c(95): error:  #20: identifier "TIM" is undefined
..\src\TIM.c(97): error:  #20: identifier "TIM_ICInitStructure" is undefined
..\src\TIM.c(98): error:  #20: identifier "ICx_FILTER" is undefined
..\src\TIM.c(83): warning:  #177-D: variable "TIM_OCInitStructure" was declared but never referenced
Target not created
Build target 'Target 1'
compiling TIM.c...
..\src\TIM.c(13): warning:  #177-D: variable "GPIO_InitStructure" was declared but never referenced
..\src\TIM.c(56): warning:  #177-D: variable "TIM_OCInitStructure" was declared but never referenced
..\src\TIM.c(100): error:  #20: identifier "ICx_FILTER" is undefined
..\src\TIM.c(83): warning:  #177-D: variable "TIM_OCInitStructure" was declared but never referenced
Target not created
Build target 'Target 1'
compiling TIM.c...
..\src\TIM.c(13): warning:  #177-D: variable "GPIO_InitStructure" was declared but never referenced
..\src\TIM.c(56): warning:  #177-D: variable "TIM_OCInitStructure" was declared but never referenced
..\src\TIM.c(100): error:  #20: identifier "IC3_FILTER" is undefined
..\src\TIM.c(83): warning:  #177-D: variable "TIM_OCInitStructure" was declared but never referenced
Target not created
Build target 'Target 1'
compiling TIM.c...
..\src\TIM.c(13): warning:  #177-D: variable "GPIO_InitStructure" was declared but never referenced
..\src\TIM.c(56): warning:  #177-D: variable "TIM_OCInitStructure" was declared but never referenced
..\src\TIM.c(83): warning:  #177-D: variable "TIM_OCInitStructure" was declared but never referenced
linking...
Program Size: Code=7548 RO-data=336 RW-data=72 ZI-data=648  
FromELF: creating hex file...
"..\List\possmini.axf" - 0 Error(s), 3 Warning(s).
Build target 'Target 1'
compiling PID.c...
..\src\PID\PID.c(40): warning:  #167-D: argument of type "unsigned char *" is incompatible with parameter of type "char *"
..\src\PID\PID.c(69): error:  #20: identifier "re_data" is undefined
Target not created
Build target 'Target 1'
compiling PID.c...
..\src\PID\PID.c(40): warning:  #167-D: argument of type "unsigned char *" is incompatible with parameter of type "char *"
linking...
Program Size: Code=7652 RO-data=336 RW-data=72 ZI-data=648  
FromELF: creating hex file...
"..\List\possmini.axf" - 0 Error(s), 1 Warning(s).
Build target 'Target 1'
compiling GPIO.c...
linking...
Program Size: Code=7652 RO-data=336 RW-data=72 ZI-data=648  
FromELF: creating hex file...
"..\List\possmini.axf" - 0 Error(s), 0 Warning(s).
Load "..\\List\\possmini.AXF" 
Load "..\\List\\possmini.AXF" 
* JLink Info: Device "STM32F103VC" selected (256 KB flash, 48 KB RAM).
Set JLink Project File to "C:\Users\pkuac\Desktop\PKU_Possmini\RVMDK\JLinkSettings.ini"
 
JLink info:
------------
DLL: V4.40c, compiled Jan 24 2012 09:30:33
Firmware: J-Link ARM V8 compiled Dec  6 2011 18:57:44
Hardware: V8.00
S/N : 17892859 
Feature(s) : RDI,FlashDL,FlashBP,JFlash 
 
* JLink Info: TotalIRLen = 9, IRPrint = 0x0011
* JLink Info: Found Cortex-M3 r1p1, Little endian.
* JLink Info: TPIU fitted.
* JLink Info: ETM fitted.
* JLink Info:   FPUnit: 6 code (BP) slots and 2 literal slots
ROMTableAddr = 0xE00FF003
* JLink Info: TotalIRLen = 9, IRPrint = 0x0011
* JLink Info: Found Cortex-M3 r1p1, Little endian.
* JLink Info: TPIU fitted.
* JLink Info: ETM fitted.
* JLink Info:   FPUnit: 6 code (BP) slots and 2 literal slots
* JLink Info: Found Cortex-M3 r1p1, Little endian.
* JLink Info: TPIU fitted.
* JLink Info: ETM fitted.
* JLink Info:   FPUnit: 6 code (BP) slots and 2 literal slots
 
Target info:
------------
Device: STM32F103VC
VTarget = 3.345V
State of Pins: 
TCK: 1, TDI: 0, TDO: 0, TMS: 0, TRES: 1, TRST: 1
Hardware-Breakpoints: 6
Software-Breakpoints: 8192
Watchpoints:          4
JTAG speed: 2000 kHz
 
Erase Done.
Programming Done.
Verify OK.
