<html>
<body>
<pre>
<h1>µVision Build Log</h1>
<h2>Project:</h2>
D:\PKU_Tiny\RVMDK\possmini.uvproj
Project File Date:  09/28/2014

<h2>Output:</h2>
Build target 'Target 1'
compiling PID.c...
..\src\PID\PID.c(47): warning:  #167-D: argument of type "unsigned char *" is incompatible with parameter of type "char *"
        USART1_PutsN (buf, sizeof(buf));
..\src\PID\PID.c: 1 warning, 0 errors
linking...
Program Size: Code=11924 RO-data=336 RW-data=156 ZI-data=8652  
FromELF: creating hex file...
"..\List\possmini.axf" - 0 Error(s), 1 Warning(s).
Load "..\\List\\possmini.axf" 
Set JLink Project File to "D:\PKU_Tiny\RVMDK\JLinkSettings.ini"
* JLink Info: Device "STM32F103RB" selected (128 KB flash, 20 KB RAM).
 
JLink info:
------------
DLL: V4.80g, compiled Feb 13 2014 20:50:02
Firmware: J-Link ARM V8 compiled Nov 25 2013 19:20:08
Hardware: V8.00
S/N : 99999994 
Feature(s) : RDI,FlashDL,FlashBP,JFlash,GDBFULL 
 
* JLink Info: TotalIRLen = 9, IRPrint = 0x0011
* JLink Info: TotalIRLen = 9, IRPrint = 0x0011
* JLink Info: Found Cortex-M3 r1p1, Little endian.
* JLink Info: FPUnit: 6 code (BP) slots and 2 literal slots
* JLink Info: TPIU fitted.
* JLink Info: ETM fitted.
ROMTableAddr = 0xE00FF003
 
Target info:
------------
Device: STM32F103RB
VTarget = 3.300V
State of Pins: 
TCK: 1, TDI: 0, TDO: 0, TMS: 0, TRES: 1, TRST: 1
Hardware-Breakpoints: 6
Software-Breakpoints: 8192
Watchpoints:          4
JTAG speed: 2000 kHz
 
Full Chip Erase Done.
Programming Done.
Verify OK.
Application running ...
</pre>
</body>
</html>
